// Jest Snapshot v1, https://goo.gl/fbAQLP

exports[`Tag Reader Component snapshot has not changed 1`] = `<div class="TagReader"></div>`;
